<html>
<body>
<pre>
<h1>礦ision Build Log</h1>
<h2>Tool Versions:</h2>
IDE-Version: μVision V5.24.2.0
Copyright (C) 2017 ARM Ltd and ARM Germany GmbH. All rights reserved.
License Information: Mr Z, Z, LIC=CZLZX-H84I3-MMG9I-TX7LC-40UQB-UJNEP
 
Tool Versions:
Toolchain:       MDK-ARM Plus  Version: 5.24.1
Toolchain Path:  D:\Keil\ARM\ARMCC\Bin
C Compiler:      Armcc.exe V5.06 update 5 (build 528)
Assembler:       Armasm.exe V5.06 update 5 (build 528)
Linker/Locator:  ArmLink.exe V5.06 update 5 (build 528)
Library Manager: ArmAr.exe V5.06 update 5 (build 528)
Hex Converter:   FromElf.exe V5.06 update 5 (build 528)
CPU DLL:         SARMCM3.DLL V5.24.1
Dialog DLL:      DCM.DLL V1.16.0.0
Target DLL:      STLink\ST-LINKIII-KEIL_SWO.dll V3.0.1.0
Dialog DLL:      TCM.DLL V1.32.0.0
 
<h2>Project:</h2>
E:\嵌入式历程\DMA发送与接受\LED.uvprojx
Project File Date:  08/13/2024

<h2>Output:</h2>
*** Using Compiler 'V5.06 update 5 (build 528)', folder: 'D:\Keil\ARM\ARMCC\Bin'
Rebuild target 'Target 1'
assembling startup_stm32f10x_hd.s...
compiling led.c...
compiling bsp_key.c...
compiling stm32f10x_it.c...
compiling stm32f10x_usart.c...
compiling misc.c...
compiling stm32f10x_bkp.c...
compiling stm32f10x_gpio.c...
compiling DMA.c...
USER\DMA.c(18): warning:  #177-D: variable "NVIC_InitStruct"  was declared but never referenced
      NVIC_InitTypeDef NVIC_InitStruct;   //中断配置
USER\DMA.c: 1 warning, 0 errors
compiling main.c...
USER\main.c(18): warning:  #188-D: enumerated type mixed with another type
     bool a =1,b=0,c=0,d=0;
USER\main.c(18): warning:  #188-D: enumerated type mixed with another type
     bool a =1,b=0,c=0,d=0;
USER\main.c(18): warning:  #188-D: enumerated type mixed with another type
     bool a =1,b=0,c=0,d=0;
USER\main.c(18): warning:  #188-D: enumerated type mixed with another type
     bool a =1,b=0,c=0,d=0;
USER\main.c(24): warning:  #188-D: enumerated type mixed with another type
  				a=c=d=0;
USER\main.c(25): warning:  #188-D: enumerated type mixed with another type
  				b=1;
USER\main.c(29): warning:  #188-D: enumerated type mixed with another type
  				a=d=b=0;
USER\main.c(30): warning:  #188-D: enumerated type mixed with another type
  				c=1;
USER\main.c(35): warning:  #188-D: enumerated type mixed with another type
  				a=b=c=0;
USER\main.c(36): warning:  #188-D: enumerated type mixed with another type
  				d=1;
USER\main.c(41): warning:  #188-D: enumerated type mixed with another type
  				b=c=d=0;
USER\main.c(42): warning:  #188-D: enumerated type mixed with another type
  				a=1;
USER\main.c(18): warning:  #550-D: variable "d"  was set but never used
     bool a =1,b=0,c=0,d=0;
USER\main.c: 13 warnings, 0 errors
compiling stm32f10x_crc.c...
compiling stm32f10x_rcc.c...
compiling stm32f10x_can.c...
compiling stm32f10x_adc.c...
compiling usart1.c...
USER\usart1.c(71): warning:  #550-D: variable "data"  was set but never used
      u8 data;
USER\usart1.c: 1 warning, 0 errors
compiling stm32f10x_dbgmcu.c...
compiling stm32f10x_dac.c...
compiling stm32f10x_dma.c...
compiling stm32f10x_exti.c...
compiling stm32f10x_pwr.c...
compiling stm32f10x_flash.c...
compiling stm32f10x_fsmc.c...
compiling stm32f10x_i2c.c...
compiling core_cm3.c...
compiling stm32f10x_sdio.c...
compiling system_stm32f10x.c...
compiling stm32f10x_wwdg.c...
compiling stm32f10x_spi.c...
linking...
Program Size: Code=2720 RO-data=336 RW-data=32 ZI-data=992  
FromELF: creating hex file...
".\Objects\LED.axf" - 0 Error(s), 15 Warning(s).

<h2>Software Packages used:</h2>

Package Vendor: Keil
                http://www.keil.com/pack/Keil.STM32F1xx_DFP.2.2.0.pack
                Keil.STM32F1xx_DFP.2.2.0
                STMicroelectronics STM32F1 Series Device Support, Drivers and Examples

<h2>Collection of Component include folders:</h2>
  .\RTE\_Target_1
  D:\Keil\ARM\PACK\Keil\STM32F1xx_DFP\2.2.0\Device\Include

<h2>Collection of Component Files used:</h2>
Build Time Elapsed:  00:00:01
</pre>
</body>
</html>
