<html>
<body>
<pre>
<h1>礦ision Build Log</h1>
<h2>Tool Versions:</h2>
IDE-Version: μVision V5.24.2.0
Copyright (C) 2017 ARM Ltd and ARM Germany GmbH. All rights reserved.
License Information: Mr Z, Z, LIC=CZLZX-H84I3-MMG9I-TX7LC-40UQB-UJNEP
 
Tool Versions:
Toolchain:       MDK-ARM Plus  Version: 5.24.1
Toolchain Path:  D:\Keil\ARM\ARMCC\Bin
C Compiler:      Armcc.exe V5.06 update 5 (build 528)
Assembler:       Armasm.exe V5.06 update 5 (build 528)
Linker/Locator:  ArmLink.exe V5.06 update 5 (build 528)
Library Manager: ArmAr.exe V5.06 update 5 (build 528)
Hex Converter:   FromElf.exe V5.06 update 5 (build 528)
CPU DLL:         SARMCM3.DLL V5.24.1
Dialog DLL:      DCM.DLL V1.16.0.0
Target DLL:      STLink\ST-LINKIII-KEIL_SWO.dll V3.0.1.0
Dialog DLL:      TCM.DLL V1.32.0.0
 
<h2>Project:</h2>
E:\嵌入式历程\高级定时器历程\高级定时器历程\LED.uvprojx
Project File Date:  08/01/2024

<h2>Output:</h2>
*** Using Compiler 'V5.06 update 5 (build 528)', folder: 'D:\Keil\ARM\ARMCC\Bin'
Rebuild target '基本定时器'
assembling startup_stm32f10x_hd.s...
compiling stm32f10x_bkp.c...
compiling main.c...
compiling stm32f10x_it.c...
compiling AdvanceTIM.c...
USER\AdvanceTIM_DEMO\AdvanceTIM.c(21): warning:  #177-D: variable "TIM_OCInitStruct"  was declared but never referenced
   TIM_OCInitTypeDef  TIM_OCInitStruct;
USER\AdvanceTIM_DEMO\AdvanceTIM.c(4): warning:  #177-D: function "Advance_TIM_GPIO_Config"  was declared but never referenced
  static void Advance_TIM_GPIO_Config(void){
USER\AdvanceTIM_DEMO\AdvanceTIM.c(19): warning:  #177-D: function "Advance_TIM_Mode_Config"  was declared but never referenced
  static void Advance_TIM_Mode_Config(void){
USER\AdvanceTIM_DEMO\AdvanceTIM.c: 3 warnings, 0 errors
compiling stm32f10x_adc.c...
compiling stm32f10x_dma.c...
compiling led.c...
compiling usart1.c...
USER\usart1.c(4): warning:  #177-D: function "NVIC_Config"  was declared but never referenced
  static void NVIC_Config(void){
USER\usart1.c: 1 warning, 0 errors
compiling misc.c...
compiling stm32f10x_gpio.c...
compiling stm32f10x_usart.c...
compiling stm32f10x_can.c...
compiling stm32f10x_rcc.c...
compiling stm32f10x_tim.c...
compiling stm32f10x_dbgmcu.c...
compiling stm32f10x_exti.c...
compiling stm32f10x_dac.c...
compiling stm32f10x_flash.c...
compiling stm32f10x_iwdg.c...
compiling stm32f10x_fsmc.c...
compiling core_cm3.c...
compiling stm32f10x_i2c.c...
compiling stm32f10x_pwr.c...
compiling stm32f10x_wwdg.c...
compiling stm32f10x_rtc.c...
compiling stm32f10x_spi.c...
compiling system_stm32f10x.c...
linking...
Program Size: Code=1372 RO-data=336 RW-data=4 ZI-data=516  
FromELF: creating hex file...
".\Objects\TIM.axf" - 0 Error(s), 4 Warning(s).

<h2>Software Packages used:</h2>

Package Vendor: Keil
                http://www.keil.com/pack/Keil.STM32F1xx_DFP.2.2.0.pack
                Keil.STM32F1xx_DFP.2.2.0
                STMicroelectronics STM32F1 Series Device Support, Drivers and Examples

<h2>Collection of Component include folders:</h2>
  .\RTE\___________
  D:\Keil\ARM\PACK\Keil\STM32F1xx_DFP\2.2.0\Device\Include

<h2>Collection of Component Files used:</h2>
Build Time Elapsed:  00:00:01
</pre>
</body>
</html>
