<html>
<body>
<pre>
<h1>礦ision Build Log</h1>
<h2>Tool Versions:</h2>
IDE-Version: μVision V5.24.2.0
Copyright (C) 2017 ARM Ltd and ARM Germany GmbH. All rights reserved.
License Information: Mr Z, Z, LIC=CZLZX-H84I3-MMG9I-TX7LC-40UQB-UJNEP
 
Tool Versions:
Toolchain:       MDK-ARM Plus  Version: 5.24.1
Toolchain Path:  D:\Keil\ARM\ARMCC\Bin
C Compiler:      Armcc.exe V5.06 update 5 (build 528)
Assembler:       Armasm.exe V5.06 update 5 (build 528)
Linker/Locator:  ArmLink.exe V5.06 update 5 (build 528)
Library Manager: ArmAr.exe V5.06 update 5 (build 528)
Hex Converter:   FromElf.exe V5.06 update 5 (build 528)
CPU DLL:         SARMCM3.DLL V5.24.1
Dialog DLL:      DCM.DLL V1.16.0.0
Target DLL:      STLink\ST-LINKIII-KEIL_SWO.dll V3.0.1.0
Dialog DLL:      TCM.DLL V1.32.0.0
 
<h2>Project:</h2>
E:\嵌入式历程\DMA\LED.uvprojx
Project File Date:  08/13/2024

<h2>Output:</h2>
*** Using Compiler 'V5.06 update 5 (build 528)', folder: 'D:\Keil\ARM\ARMCC\Bin'
Rebuild target 'Target 1'
assembling startup_stm32f10x_hd.s...
compiling led.c...
compiling usart1.c...
USER\usart1.h(14): warning:  #1-D: last line of file ends without a newline
  #endif /* __USART1_H */
USER\usart1.c(64): warning:  #1-D: last line of file ends without a newline
  }
USER\usart1.c: 2 warnings, 0 errors
compiling DMA.c...
USER\DMA.c(10): warning:  #177-D: variable "NVIC_InitStruct"  was declared but never referenced
     NVIC_InitTypeDef NVIC_InitStruct;   //中断配置
USER\DMA.c: 1 warning, 0 errors
compiling stm32f10x_can.c...
compiling misc.c...
compiling main.c...
USER\usart1.h(14): warning:  #1-D: last line of file ends without a newline
  #endif /* __USART1_H */
USER\main.c(14): warning:  #1-D: last line of file ends without a newline
  }
USER\main.c: 2 warnings, 0 errors
compiling stm32f10x_gpio.c...
compiling stm32f10x_crc.c...
compiling bsp_key.c...
compiling stm32f10x_bkp.c...
compiling stm32f10x_it.c...
USER\stm32f10x_it.c(143): warning:  #188-D: enumerated type mixed with another type
  bool a = 1;
USER\stm32f10x_it.c(213): warning:  #188-D: enumerated type mixed with another type
  			 a = 0;
USER\stm32f10x_it.c(234): warning:  #188-D: enumerated type mixed with another type
  			 a = 1;
USER\stm32f10x_it.c: 3 warnings, 0 errors
compiling stm32f10x_usart.c...
compiling stm32f10x_adc.c...
compiling stm32f10x_rcc.c...
compiling stm32f10x_dac.c...
compiling stm32f10x_dma.c...
compiling stm32f10x_dbgmcu.c...
compiling stm32f10x_exti.c...
compiling stm32f10x_flash.c...
compiling stm32f10x_pwr.c...
compiling stm32f10x_fsmc.c...
compiling stm32f10x_i2c.c...
compiling stm32f10x_sdio.c...
compiling stm32f10x_spi.c...
compiling core_cm3.c...
compiling stm32f10x_wwdg.c...
compiling system_stm32f10x.c...
linking...
Program Size: Code=2192 RO-data=336 RW-data=24 ZI-data=2560  
FromELF: creating hex file...
".\Objects\LED.axf" - 0 Error(s), 8 Warning(s).

<h2>Software Packages used:</h2>

Package Vendor: Keil
                http://www.keil.com/pack/Keil.STM32F1xx_DFP.2.2.0.pack
                Keil.STM32F1xx_DFP.2.2.0
                STMicroelectronics STM32F1 Series Device Support, Drivers and Examples

<h2>Collection of Component include folders:</h2>
  .\RTE\_Target_1
  D:\Keil\ARM\PACK\Keil\STM32F1xx_DFP\2.2.0\Device\Include

<h2>Collection of Component Files used:</h2>
Build Time Elapsed:  00:00:00
</pre>
</body>
</html>
