<html>
<body>
<pre>
<h1>礦ision Build Log</h1>
<h2>Tool Versions:</h2>
IDE-Version: μVision V5.24.2.0
Copyright (C) 2017 ARM Ltd and ARM Germany GmbH. All rights reserved.
License Information: Mr Z, Z, LIC=CZLZX-H84I3-MMG9I-TX7LC-40UQB-UJNEP
 
Tool Versions:
Toolchain:       MDK-ARM Plus  Version: 5.24.1
Toolchain Path:  D:\Keil\ARM\ARMCC\Bin
C Compiler:      Armcc.exe V5.06 update 5 (build 528)
Assembler:       Armasm.exe V5.06 update 5 (build 528)
Linker/Locator:  ArmLink.exe V5.06 update 5 (build 528)
Library Manager: ArmAr.exe V5.06 update 5 (build 528)
Hex Converter:   FromElf.exe V5.06 update 5 (build 528)
CPU DLL:         SARMCM3.DLL V5.24.1
Dialog DLL:      DCM.DLL V1.16.0.0
Target DLL:      STLink\ST-LINKIII-KEIL_SWO.dll V3.0.1.0
Dialog DLL:      TCM.DLL V1.32.0.0
 
<h2>Project:</h2>
E:\嵌入式历程\DMA程序历程\LED.uvprojx
Project File Date:  07/23/2024

<h2>Output:</h2>
*** Using Compiler 'V5.06 update 5 (build 528)', folder: 'D:\Keil\ARM\ARMCC\Bin'
Rebuild target 'Target 1'
assembling startup_stm32f10x_hd.s...
compiling stm32f10x_dma.c...
compiling stm32f10x_rcc.c...
compiling bsp_DMA_mtp.c...
USER\DMA_DEMO\bsp_DMA_mtp.h(17): warning:  #1295-D: Deprecated declaration MtP_DMA_Config - give arg types
  void MtP_DMA_Config();
USER\DMA_DEMO\bsp_DMA_mtp.c: 1 warning, 0 errors
compiling bsp_DMA_mtm.c...
USER\DMA_DEMO\bsp_DMA_mtm.h(12): warning:  #1295-D: Deprecated declaration MtM_DMA_Config - give arg types
  void MtM_DMA_Config();
USER\DMA_DEMO\bsp_DMA_mtm.c: 1 warning, 0 errors
compiling main.c...
.\USER\DMA_DEMO\bsp_DMA_mtm.h(12): warning:  #1295-D: Deprecated declaration MtM_DMA_Config - give arg types
  void MtM_DMA_Config();
.\USER\DMA_DEMO\bsp_DMA_mtp.h(17): warning:  #1295-D: Deprecated declaration MtP_DMA_Config - give arg types
  void MtP_DMA_Config();
USER\main.c: 2 warnings, 0 errors
compiling usart1.c...
compiling core_cm3.c...
compiling led.c...
compiling bsp_key.c...
compiling stm32f10x_usart.c...
compiling stm32f10x_gpio.c...
compiling stm32f10x_it.c...
compiling system_stm32f10x.c...
linking...
Program Size: Code=1328 RO-data=336 RW-data=20 ZI-data=5516  
FromELF: creating hex file...
".\Objects\LED.axf" - 0 Error(s), 4 Warning(s).

<h2>Software Packages used:</h2>

Package Vendor: Keil
                http://www.keil.com/pack/Keil.STM32F1xx_DFP.2.2.0.pack
                Keil.STM32F1xx_DFP.2.2.0
                STMicroelectronics STM32F1 Series Device Support, Drivers and Examples

<h2>Collection of Component include folders:</h2>
  .\RTE\_Target_1
  D:\Keil\ARM\PACK\Keil\STM32F1xx_DFP\2.2.0\Device\Include

<h2>Collection of Component Files used:</h2>
Build Time Elapsed:  00:00:01
</pre>
</body>
</html>
